Archive member included because of file (symbol)

/home/alison/workspace/Arduino/AdkArduino/ArduinoCore/328P_16MHz/libArduinoCore.a(wiring.o)
                              ./main.o (delay)
/home/alison/workspace/Arduino/AdkArduino/ArduinoCore/328P_16MHz/libArduinoCore.a(wiring_digital.o)
                              ./main.o (pinMode)
/home/alison/.arduino/hardware/tools/avr/bin/../lib/gcc/avr/4.8.1/avr5/libgcc.a(_exit.o)
                              /home/alison/.arduino/hardware/tools/avr/bin/../lib/gcc/avr/4.8.1/../../../../avr/lib/avr5/crtm328p.o (exit)
/home/alison/.arduino/hardware/tools/avr/bin/../lib/gcc/avr/4.8.1/avr5/libgcc.a(_clear_bss.o)
                              /home/alison/workspace/Arduino/AdkArduino/ArduinoCore/328P_16MHz/libArduinoCore.a(wiring.o) (__do_clear_bss)

Discarded input sections

 .bss           0x00000000        0x0 /home/alison/.arduino/hardware/tools/avr/bin/../lib/gcc/avr/4.8.1/../../../../avr/lib/avr5/crtm328p.o
 .text          0x00000000        0x0 ./main.o
 .bss           0x00000000        0x0 ./main.o
 .debug_info    0x00000000      0x26d ./main.o
 .debug_abbrev  0x00000000       0xe9 ./main.o
 .debug_aranges
                0x00000000       0x30 ./main.o
 .debug_ranges  0x00000000       0x20 ./main.o
 .debug_line    0x00000000       0xfc ./main.o
 .debug_str     0x00000000      0x183 ./main.o
 .debug_frame   0x00000000       0x44 ./main.o
 .text          0x00000000        0x0 /home/alison/workspace/Arduino/AdkArduino/ArduinoCore/328P_16MHz/libArduinoCore.a(wiring.o)
 .bss           0x00000000        0x0 /home/alison/workspace/Arduino/AdkArduino/ArduinoCore/328P_16MHz/libArduinoCore.a(wiring.o)
 .debug_abbrev  0x00000000      0x10f /home/alison/workspace/Arduino/AdkArduino/ArduinoCore/328P_16MHz/libArduinoCore.a(wiring.o)
 .debug_info    0x00000000      0x295 /home/alison/workspace/Arduino/AdkArduino/ArduinoCore/328P_16MHz/libArduinoCore.a(wiring.o)
 .debug_line    0x00000000      0x2c7 /home/alison/workspace/Arduino/AdkArduino/ArduinoCore/328P_16MHz/libArduinoCore.a(wiring.o)
 .text.millis   0x00000000       0x1c /home/alison/workspace/Arduino/AdkArduino/ArduinoCore/328P_16MHz/libArduinoCore.a(wiring.o)
 .text.delayMicroseconds
                0x00000000       0x14 /home/alison/workspace/Arduino/AdkArduino/ArduinoCore/328P_16MHz/libArduinoCore.a(wiring.o)
 .debug_frame   0x00000000       0x70 /home/alison/workspace/Arduino/AdkArduino/ArduinoCore/328P_16MHz/libArduinoCore.a(wiring.o)
 .debug_loc     0x00000000       0xfd /home/alison/workspace/Arduino/AdkArduino/ArduinoCore/328P_16MHz/libArduinoCore.a(wiring.o)
 .debug_pubnames
                0x00000000       0x8d /home/alison/workspace/Arduino/AdkArduino/ArduinoCore/328P_16MHz/libArduinoCore.a(wiring.o)
 .debug_aranges
                0x00000000       0x48 /home/alison/workspace/Arduino/AdkArduino/ArduinoCore/328P_16MHz/libArduinoCore.a(wiring.o)
 .debug_ranges  0x00000000       0x40 /home/alison/workspace/Arduino/AdkArduino/ArduinoCore/328P_16MHz/libArduinoCore.a(wiring.o)
 .debug_str     0x00000000      0x16c /home/alison/workspace/Arduino/AdkArduino/ArduinoCore/328P_16MHz/libArduinoCore.a(wiring.o)
 .text          0x00000000        0x0 /home/alison/workspace/Arduino/AdkArduino/ArduinoCore/328P_16MHz/libArduinoCore.a(wiring_digital.o)
 .bss           0x00000000        0x0 /home/alison/workspace/Arduino/AdkArduino/ArduinoCore/328P_16MHz/libArduinoCore.a(wiring_digital.o)
 .debug_abbrev  0x00000000      0x158 /home/alison/workspace/Arduino/AdkArduino/ArduinoCore/328P_16MHz/libArduinoCore.a(wiring_digital.o)
 .debug_info    0x00000000      0x524 /home/alison/workspace/Arduino/AdkArduino/ArduinoCore/328P_16MHz/libArduinoCore.a(wiring_digital.o)
 .debug_line    0x00000000      0x24b /home/alison/workspace/Arduino/AdkArduino/ArduinoCore/328P_16MHz/libArduinoCore.a(wiring_digital.o)
 .text.digitalRead
                0x00000000       0x60 /home/alison/workspace/Arduino/AdkArduino/ArduinoCore/328P_16MHz/libArduinoCore.a(wiring_digital.o)
 .debug_frame   0x00000000       0x50 /home/alison/workspace/Arduino/AdkArduino/ArduinoCore/328P_16MHz/libArduinoCore.a(wiring_digital.o)
 .debug_loc     0x00000000      0x193 /home/alison/workspace/Arduino/AdkArduino/ArduinoCore/328P_16MHz/libArduinoCore.a(wiring_digital.o)
 .debug_pubnames
                0x00000000       0xda /home/alison/workspace/Arduino/AdkArduino/ArduinoCore/328P_16MHz/libArduinoCore.a(wiring_digital.o)
 .debug_aranges
                0x00000000       0x38 /home/alison/workspace/Arduino/AdkArduino/ArduinoCore/328P_16MHz/libArduinoCore.a(wiring_digital.o)
 .debug_ranges  0x00000000       0x30 /home/alison/workspace/Arduino/AdkArduino/ArduinoCore/328P_16MHz/libArduinoCore.a(wiring_digital.o)
 .debug_str     0x00000000      0x1d7 /home/alison/workspace/Arduino/AdkArduino/ArduinoCore/328P_16MHz/libArduinoCore.a(wiring_digital.o)
 .text          0x00000000        0x0 /home/alison/.arduino/hardware/tools/avr/bin/../lib/gcc/avr/4.8.1/avr5/libgcc.a(_exit.o)
 .bss           0x00000000        0x0 /home/alison/.arduino/hardware/tools/avr/bin/../lib/gcc/avr/4.8.1/avr5/libgcc.a(_exit.o)
 .text.libgcc.mul
                0x00000000        0x0 /home/alison/.arduino/hardware/tools/avr/bin/../lib/gcc/avr/4.8.1/avr5/libgcc.a(_exit.o)
 .text.libgcc.div
                0x00000000        0x0 /home/alison/.arduino/hardware/tools/avr/bin/../lib/gcc/avr/4.8.1/avr5/libgcc.a(_exit.o)
 .text.libgcc   0x00000000        0x0 /home/alison/.arduino/hardware/tools/avr/bin/../lib/gcc/avr/4.8.1/avr5/libgcc.a(_exit.o)
 .text.libgcc.prologue
                0x00000000        0x0 /home/alison/.arduino/hardware/tools/avr/bin/../lib/gcc/avr/4.8.1/avr5/libgcc.a(_exit.o)
 .text.libgcc.builtins
                0x00000000        0x0 /home/alison/.arduino/hardware/tools/avr/bin/../lib/gcc/avr/4.8.1/avr5/libgcc.a(_exit.o)
 .text.libgcc.fmul
                0x00000000        0x0 /home/alison/.arduino/hardware/tools/avr/bin/../lib/gcc/avr/4.8.1/avr5/libgcc.a(_exit.o)
 .text.libgcc.fixed
                0x00000000        0x0 /home/alison/.arduino/hardware/tools/avr/bin/../lib/gcc/avr/4.8.1/avr5/libgcc.a(_exit.o)
 .text          0x00000000        0x0 /home/alison/.arduino/hardware/tools/avr/bin/../lib/gcc/avr/4.8.1/avr5/libgcc.a(_clear_bss.o)
 .bss           0x00000000        0x0 /home/alison/.arduino/hardware/tools/avr/bin/../lib/gcc/avr/4.8.1/avr5/libgcc.a(_clear_bss.o)
 .text.libgcc.mul
                0x00000000        0x0 /home/alison/.arduino/hardware/tools/avr/bin/../lib/gcc/avr/4.8.1/avr5/libgcc.a(_clear_bss.o)
 .text.libgcc.div
                0x00000000        0x0 /home/alison/.arduino/hardware/tools/avr/bin/../lib/gcc/avr/4.8.1/avr5/libgcc.a(_clear_bss.o)
 .text.libgcc   0x00000000        0x0 /home/alison/.arduino/hardware/tools/avr/bin/../lib/gcc/avr/4.8.1/avr5/libgcc.a(_clear_bss.o)
 .text.libgcc.prologue
                0x00000000        0x0 /home/alison/.arduino/hardware/tools/avr/bin/../lib/gcc/avr/4.8.1/avr5/libgcc.a(_clear_bss.o)
 .text.libgcc.builtins
                0x00000000        0x0 /home/alison/.arduino/hardware/tools/avr/bin/../lib/gcc/avr/4.8.1/avr5/libgcc.a(_clear_bss.o)
 .text.libgcc.fmul
                0x00000000        0x0 /home/alison/.arduino/hardware/tools/avr/bin/../lib/gcc/avr/4.8.1/avr5/libgcc.a(_clear_bss.o)
 .text.libgcc.fixed
                0x00000000        0x0 /home/alison/.arduino/hardware/tools/avr/bin/../lib/gcc/avr/4.8.1/avr5/libgcc.a(_clear_bss.o)

Memory Configuration

Name             Origin             Length             Attributes
text             0x00000000         0x00020000         xr
data             0x00800060         0x0000ffa0         rw !x
eeprom           0x00810000         0x00010000         rw !x
fuse             0x00820000         0x00000400         rw !x
lock             0x00830000         0x00000400         rw !x
signature        0x00840000         0x00000400         rw !x
user_signatures  0x00850000         0x00000400         rw !x
*default*        0x00000000         0xffffffff

Linker script and memory map

Address of section .data set to 0x800100
LOAD /home/alison/.arduino/hardware/tools/avr/bin/../lib/gcc/avr/4.8.1/../../../../avr/lib/avr5/crtm328p.o
LOAD ./main.o
LOAD /home/alison/workspace/Arduino/AdkArduino/ArduinoCore/328P_16MHz/libArduinoCore.a
LOAD /home/alison/.arduino/hardware/tools/avr/bin/../lib/gcc/avr/4.8.1/../../../../avr/lib/avr5/libm.a
START GROUP
LOAD /home/alison/.arduino/hardware/tools/avr/bin/../lib/gcc/avr/4.8.1/avr5/libgcc.a
LOAD /home/alison/.arduino/hardware/tools/avr/bin/../lib/gcc/avr/4.8.1/../../../../avr/lib/avr5/libm.a
LOAD /home/alison/.arduino/hardware/tools/avr/bin/../lib/gcc/avr/4.8.1/../../../../avr/lib/avr5/libc.a
END GROUP

.hash
 *(.hash)

.dynsym
 *(.dynsym)

.dynstr
 *(.dynstr)

.gnu.version
 *(.gnu.version)

.gnu.version_d
 *(.gnu.version_d)

.gnu.version_r
 *(.gnu.version_r)

.rel.init
 *(.rel.init)

.rela.init
 *(.rela.init)

.rel.text
 *(.rel.text)
 *(.rel.text.*)
 *(.rel.gnu.linkonce.t*)

.rela.text
 *(.rela.text)
 *(.rela.text.*)
 *(.rela.gnu.linkonce.t*)

.rel.fini
 *(.rel.fini)

.rela.fini
 *(.rela.fini)

.rel.rodata
 *(.rel.rodata)
 *(.rel.rodata.*)
 *(.rel.gnu.linkonce.r*)

.rela.rodata
 *(.rela.rodata)
 *(.rela.rodata.*)
 *(.rela.gnu.linkonce.r*)

.rel.data
 *(.rel.data)
 *(.rel.data.*)
 *(.rel.gnu.linkonce.d*)

.rela.data
 *(.rela.data)
 *(.rela.data.*)
 *(.rela.gnu.linkonce.d*)

.rel.ctors
 *(.rel.ctors)

.rela.ctors
 *(.rela.ctors)

.rel.dtors
 *(.rel.dtors)

.rela.dtors
 *(.rela.dtors)

.rel.got
 *(.rel.got)

.rela.got
 *(.rela.got)

.rel.bss
 *(.rel.bss)

.rela.bss
 *(.rela.bss)

.rel.plt
 *(.rel.plt)

.rela.plt
 *(.rela.plt)

.text           0x00000000      0x3ba
 *(.vectors)
 .vectors       0x00000000       0x68 /home/alison/.arduino/hardware/tools/avr/bin/../lib/gcc/avr/4.8.1/../../../../avr/lib/avr5/crtm328p.o
                0x00000000                __vectors
                0x00000000                __vector_default
 *(.vectors)
 *(.progmem.gcc*)
                0x00000068                . = ALIGN (0x2)
                0x00000068                __trampolines_start = .
 *(.trampolines)
 .trampolines   0x00000068        0x0 linker stubs
 *(.trampolines*)
                0x00000068                __trampolines_end = .
 *(.progmem*)
 .progmem.data  0x00000068       0x5a /home/alison/workspace/Arduino/AdkArduino/ArduinoCore/328P_16MHz/libArduinoCore.a(wiring_digital.o)
                0x00000068                port_to_mode_PGM
                0x00000072                port_to_output_PGM
                0x0000007c                port_to_input_PGM
                0x00000086                digital_pin_to_port_PGM
                0x0000009a                digital_pin_to_bit_mask_PGM
                0x000000ae                digital_pin_to_timer_PGM
                0x000000c2                . = ALIGN (0x2)
 *(.jumptables)
 *(.jumptables*)
 *(.lowtext)
 *(.lowtext*)
                0x000000c2                __ctors_start = .
 *(.ctors)
                0x000000c2                __ctors_end = .
                0x000000c2                __dtors_start = .
 *(.dtors)
                0x000000c2                __dtors_end = .
 SORT(*)(.ctors)
 SORT(*)(.dtors)
 *(.init0)
 .init0         0x000000c2        0x0 /home/alison/.arduino/hardware/tools/avr/bin/../lib/gcc/avr/4.8.1/../../../../avr/lib/avr5/crtm328p.o
                0x000000c2                __init
 *(.init0)
 *(.init1)
 *(.init1)
 *(.init2)
 .init2         0x000000c2        0xc /home/alison/.arduino/hardware/tools/avr/bin/../lib/gcc/avr/4.8.1/../../../../avr/lib/avr5/crtm328p.o
 *(.init2)
 *(.init3)
 *(.init3)
 *(.init4)
 .init4         0x000000ce       0x10 /home/alison/.arduino/hardware/tools/avr/bin/../lib/gcc/avr/4.8.1/avr5/libgcc.a(_clear_bss.o)
                0x000000ce                __do_clear_bss
 *(.init4)
 *(.init5)
 *(.init5)
 *(.init6)
 *(.init6)
 *(.init7)
 *(.init7)
 *(.init8)
 *(.init8)
 *(.init9)
 .init9         0x000000de        0x4 /home/alison/.arduino/hardware/tools/avr/bin/../lib/gcc/avr/4.8.1/../../../../avr/lib/avr5/crtm328p.o
 *(.init9)
 *(.text)
 .text          0x000000e2        0x2 /home/alison/.arduino/hardware/tools/avr/bin/../lib/gcc/avr/4.8.1/../../../../avr/lib/avr5/crtm328p.o
                0x000000e2                __vector_22
                0x000000e2                __vector_1
                0x000000e2                __vector_24
                0x000000e2                __vector_12
                0x000000e2                __bad_interrupt
                0x000000e2                __vector_6
                0x000000e2                __vector_3
                0x000000e2                __vector_23
                0x000000e2                __vector_25
                0x000000e2                __vector_11
                0x000000e2                __vector_13
                0x000000e2                __vector_17
                0x000000e2                __vector_19
                0x000000e2                __vector_7
                0x000000e2                __vector_5
                0x000000e2                __vector_4
                0x000000e2                __vector_9
                0x000000e2                __vector_2
                0x000000e2                __vector_21
                0x000000e2                __vector_15
                0x000000e2                __vector_8
                0x000000e2                __vector_14
                0x000000e2                __vector_10
                0x000000e2                __vector_18
                0x000000e2                __vector_20
                0x000000e4                . = ALIGN (0x2)
 *(.text.*)
 .text.setup    0x000000e4        0x6 ./main.o
                0x000000e4                setup
 .text.loop     0x000000ea       0x20 ./main.o
                0x000000ea                loop
 .text.startup.main
                0x0000010a        0x8 ./main.o
                0x0000010a                main
 .text.__vector_16
                0x00000112       0x90 /home/alison/workspace/Arduino/AdkArduino/ArduinoCore/328P_16MHz/libArduinoCore.a(wiring.o)
                0x00000112                __vector_16
 .text.micros   0x000001a2       0x4c /home/alison/workspace/Arduino/AdkArduino/ArduinoCore/328P_16MHz/libArduinoCore.a(wiring.o)
                0x000001a2                micros
 .text.delay    0x000001ee       0x48 /home/alison/workspace/Arduino/AdkArduino/ArduinoCore/328P_16MHz/libArduinoCore.a(wiring.o)
                0x000001ee                delay
 .text.init     0x00000236       0x76 /home/alison/workspace/Arduino/AdkArduino/ArduinoCore/328P_16MHz/libArduinoCore.a(wiring.o)
                0x00000236                init
 .text.pinMode  0x000002ac       0x4c /home/alison/workspace/Arduino/AdkArduino/ArduinoCore/328P_16MHz/libArduinoCore.a(wiring_digital.o)
                0x000002ac                pinMode
 .text.turnOffPWM
                0x000002f8       0x5a /home/alison/workspace/Arduino/AdkArduino/ArduinoCore/328P_16MHz/libArduinoCore.a(wiring_digital.o)
 .text.digitalWrite
                0x00000352       0x64 /home/alison/workspace/Arduino/AdkArduino/ArduinoCore/328P_16MHz/libArduinoCore.a(wiring_digital.o)
                0x00000352                digitalWrite
                0x000003b6                . = ALIGN (0x2)
 *(.fini9)
 .fini9         0x000003b6        0x0 /home/alison/.arduino/hardware/tools/avr/bin/../lib/gcc/avr/4.8.1/avr5/libgcc.a(_exit.o)
                0x000003b6                exit
                0x000003b6                _exit
 *(.fini9)
 *(.fini8)
 *(.fini8)
 *(.fini7)
 *(.fini7)
 *(.fini6)
 *(.fini6)
 *(.fini5)
 *(.fini5)
 *(.fini4)
 *(.fini4)
 *(.fini3)
 *(.fini3)
 *(.fini2)
 *(.fini2)
 *(.fini1)
 *(.fini1)
 *(.fini0)
 .fini0         0x000003b6        0x4 /home/alison/.arduino/hardware/tools/avr/bin/../lib/gcc/avr/4.8.1/avr5/libgcc.a(_exit.o)
 *(.fini0)
                0x000003ba                _etext = .

.data           0x00800100        0x0 load address 0x000003ba
                0x00800100                PROVIDE (__data_start, .)
 *(.data)
 .data          0x00800100        0x0 /home/alison/.arduino/hardware/tools/avr/bin/../lib/gcc/avr/4.8.1/../../../../avr/lib/avr5/crtm328p.o
 .data          0x00800100        0x0 ./main.o
 .data          0x00800100        0x0 /home/alison/workspace/Arduino/AdkArduino/ArduinoCore/328P_16MHz/libArduinoCore.a(wiring.o)
 .data          0x00800100        0x0 /home/alison/workspace/Arduino/AdkArduino/ArduinoCore/328P_16MHz/libArduinoCore.a(wiring_digital.o)
 .data          0x00800100        0x0 /home/alison/.arduino/hardware/tools/avr/bin/../lib/gcc/avr/4.8.1/avr5/libgcc.a(_exit.o)
 .data          0x00800100        0x0 /home/alison/.arduino/hardware/tools/avr/bin/../lib/gcc/avr/4.8.1/avr5/libgcc.a(_clear_bss.o)
 *(.data*)
 *(.rodata)
 *(.rodata*)
 *(.gnu.linkonce.d*)
                0x00800100                . = ALIGN (0x2)
                0x00800100                _edata = .
                0x00800100                PROVIDE (__data_end, .)

.bss            0x00800100        0x9
                0x00800100                PROVIDE (__bss_start, .)
 *(.bss)
 *(.bss*)
 .bss.timer0_overflow_count
                0x00800100        0x4 /home/alison/workspace/Arduino/AdkArduino/ArduinoCore/328P_16MHz/libArduinoCore.a(wiring.o)
                0x00800100                timer0_overflow_count
 .bss.timer0_millis
                0x00800104        0x4 /home/alison/workspace/Arduino/AdkArduino/ArduinoCore/328P_16MHz/libArduinoCore.a(wiring.o)
                0x00800104                timer0_millis
 .bss.timer0_fract
                0x00800108        0x1 /home/alison/workspace/Arduino/AdkArduino/ArduinoCore/328P_16MHz/libArduinoCore.a(wiring.o)
 *(COMMON)
                0x00800109                PROVIDE (__bss_end, .)
                0x000003ba                __data_load_start = LOADADDR (.data)
                0x000003ba                __data_load_end = (__data_load_start + SIZEOF (.data))

.noinit         0x00800109        0x0
                0x00800109                PROVIDE (__noinit_start, .)
 *(.noinit*)
                0x00800109                PROVIDE (__noinit_end, .)
                0x00800109                _end = .
                0x00800109                PROVIDE (__heap_start, .)

.eeprom         0x00810000        0x0
 *(.eeprom*)
                0x00810000                __eeprom_end = .

.fuse
 *(.fuse)
 *(.lfuse)
 *(.hfuse)
 *(.efuse)

.lock
 *(.lock*)

.signature
 *(.signature*)

.user_signatures
 *(.user_signatures*)

.stab
 *(.stab)

.stabstr
 *(.stabstr)

.stab.excl
 *(.stab.excl)

.stab.exclstr
 *(.stab.exclstr)

.stab.index
 *(.stab.index)

.stab.indexstr
 *(.stab.indexstr)

.comment        0x00000000       0x11
 *(.comment)
 .comment       0x00000000       0x11 ./main.o
                                 0x12 (size before relaxing)

.debug
 *(.debug)

.line
 *(.line)

.debug_srcinfo
 *(.debug_srcinfo)

.debug_sfnames
 *(.debug_sfnames)

.debug_aranges
 *(.debug_aranges)

.debug_pubnames
 *(.debug_pubnames)

.debug_info
 *(.debug_info)
 *(.gnu.linkonce.wi.*)

.debug_abbrev
 *(.debug_abbrev)

.debug_line
 *(.debug_line)

.debug_frame
 *(.debug_frame)

.debug_str
 *(.debug_str)

.debug_loc
 *(.debug_loc)

.debug_macinfo
 *(.debug_macinfo)

.debug_pubtypes
 *(.debug_pubtypes)

.debug_ranges
 *(.debug_ranges)

.debug_macro
 *(.debug_macro)
OUTPUT(Blink.elf elf32-avr)
LOAD linker stubs

Cross Reference Table

Symbol                                            File
__bad_interrupt                                   /home/alison/.arduino/hardware/tools/avr/bin/../lib/gcc/avr/4.8.1/../../../../avr/lib/avr5/crtm328p.o
__bss_end                                         /home/alison/.arduino/hardware/tools/avr/bin/../lib/gcc/avr/4.8.1/avr5/libgcc.a(_clear_bss.o)
__bss_start                                       /home/alison/.arduino/hardware/tools/avr/bin/../lib/gcc/avr/4.8.1/avr5/libgcc.a(_clear_bss.o)
__do_clear_bss                                    /home/alison/.arduino/hardware/tools/avr/bin/../lib/gcc/avr/4.8.1/avr5/libgcc.a(_clear_bss.o)
                                                  /home/alison/workspace/Arduino/AdkArduino/ArduinoCore/328P_16MHz/libArduinoCore.a(wiring.o)
__heap_end                                        /home/alison/.arduino/hardware/tools/avr/bin/../lib/gcc/avr/4.8.1/../../../../avr/lib/avr5/crtm328p.o
__init                                            /home/alison/.arduino/hardware/tools/avr/bin/../lib/gcc/avr/4.8.1/../../../../avr/lib/avr5/crtm328p.o
__stack                                           /home/alison/.arduino/hardware/tools/avr/bin/../lib/gcc/avr/4.8.1/../../../../avr/lib/avr5/crtm328p.o
__vector_1                                        /home/alison/.arduino/hardware/tools/avr/bin/../lib/gcc/avr/4.8.1/../../../../avr/lib/avr5/crtm328p.o
__vector_10                                       /home/alison/.arduino/hardware/tools/avr/bin/../lib/gcc/avr/4.8.1/../../../../avr/lib/avr5/crtm328p.o
__vector_11                                       /home/alison/.arduino/hardware/tools/avr/bin/../lib/gcc/avr/4.8.1/../../../../avr/lib/avr5/crtm328p.o
__vector_12                                       /home/alison/.arduino/hardware/tools/avr/bin/../lib/gcc/avr/4.8.1/../../../../avr/lib/avr5/crtm328p.o
__vector_13                                       /home/alison/.arduino/hardware/tools/avr/bin/../lib/gcc/avr/4.8.1/../../../../avr/lib/avr5/crtm328p.o
__vector_14                                       /home/alison/.arduino/hardware/tools/avr/bin/../lib/gcc/avr/4.8.1/../../../../avr/lib/avr5/crtm328p.o
__vector_15                                       /home/alison/.arduino/hardware/tools/avr/bin/../lib/gcc/avr/4.8.1/../../../../avr/lib/avr5/crtm328p.o
__vector_16                                       /home/alison/workspace/Arduino/AdkArduino/ArduinoCore/328P_16MHz/libArduinoCore.a(wiring.o)
                                                  /home/alison/.arduino/hardware/tools/avr/bin/../lib/gcc/avr/4.8.1/../../../../avr/lib/avr5/crtm328p.o
__vector_17                                       /home/alison/.arduino/hardware/tools/avr/bin/../lib/gcc/avr/4.8.1/../../../../avr/lib/avr5/crtm328p.o
__vector_18                                       /home/alison/.arduino/hardware/tools/avr/bin/../lib/gcc/avr/4.8.1/../../../../avr/lib/avr5/crtm328p.o
__vector_19                                       /home/alison/.arduino/hardware/tools/avr/bin/../lib/gcc/avr/4.8.1/../../../../avr/lib/avr5/crtm328p.o
__vector_2                                        /home/alison/.arduino/hardware/tools/avr/bin/../lib/gcc/avr/4.8.1/../../../../avr/lib/avr5/crtm328p.o
__vector_20                                       /home/alison/.arduino/hardware/tools/avr/bin/../lib/gcc/avr/4.8.1/../../../../avr/lib/avr5/crtm328p.o
__vector_21                                       /home/alison/.arduino/hardware/tools/avr/bin/../lib/gcc/avr/4.8.1/../../../../avr/lib/avr5/crtm328p.o
__vector_22                                       /home/alison/.arduino/hardware/tools/avr/bin/../lib/gcc/avr/4.8.1/../../../../avr/lib/avr5/crtm328p.o
__vector_23                                       /home/alison/.arduino/hardware/tools/avr/bin/../lib/gcc/avr/4.8.1/../../../../avr/lib/avr5/crtm328p.o
__vector_24                                       /home/alison/.arduino/hardware/tools/avr/bin/../lib/gcc/avr/4.8.1/../../../../avr/lib/avr5/crtm328p.o
__vector_25                                       /home/alison/.arduino/hardware/tools/avr/bin/../lib/gcc/avr/4.8.1/../../../../avr/lib/avr5/crtm328p.o
__vector_3                                        /home/alison/.arduino/hardware/tools/avr/bin/../lib/gcc/avr/4.8.1/../../../../avr/lib/avr5/crtm328p.o
__vector_4                                        /home/alison/.arduino/hardware/tools/avr/bin/../lib/gcc/avr/4.8.1/../../../../avr/lib/avr5/crtm328p.o
__vector_5                                        /home/alison/.arduino/hardware/tools/avr/bin/../lib/gcc/avr/4.8.1/../../../../avr/lib/avr5/crtm328p.o
__vector_6                                        /home/alison/.arduino/hardware/tools/avr/bin/../lib/gcc/avr/4.8.1/../../../../avr/lib/avr5/crtm328p.o
__vector_7                                        /home/alison/.arduino/hardware/tools/avr/bin/../lib/gcc/avr/4.8.1/../../../../avr/lib/avr5/crtm328p.o
__vector_8                                        /home/alison/.arduino/hardware/tools/avr/bin/../lib/gcc/avr/4.8.1/../../../../avr/lib/avr5/crtm328p.o
__vector_9                                        /home/alison/.arduino/hardware/tools/avr/bin/../lib/gcc/avr/4.8.1/../../../../avr/lib/avr5/crtm328p.o
__vector_default                                  /home/alison/.arduino/hardware/tools/avr/bin/../lib/gcc/avr/4.8.1/../../../../avr/lib/avr5/crtm328p.o
__vectors                                         /home/alison/.arduino/hardware/tools/avr/bin/../lib/gcc/avr/4.8.1/../../../../avr/lib/avr5/crtm328p.o
_exit                                             /home/alison/.arduino/hardware/tools/avr/bin/../lib/gcc/avr/4.8.1/avr5/libgcc.a(_exit.o)
delay                                             /home/alison/workspace/Arduino/AdkArduino/ArduinoCore/328P_16MHz/libArduinoCore.a(wiring.o)
                                                  ./main.o
delayMicroseconds                                 /home/alison/workspace/Arduino/AdkArduino/ArduinoCore/328P_16MHz/libArduinoCore.a(wiring.o)
digitalRead                                       /home/alison/workspace/Arduino/AdkArduino/ArduinoCore/328P_16MHz/libArduinoCore.a(wiring_digital.o)
digitalWrite                                      /home/alison/workspace/Arduino/AdkArduino/ArduinoCore/328P_16MHz/libArduinoCore.a(wiring_digital.o)
                                                  ./main.o
digital_pin_to_bit_mask_PGM                       /home/alison/workspace/Arduino/AdkArduino/ArduinoCore/328P_16MHz/libArduinoCore.a(wiring_digital.o)
digital_pin_to_port_PGM                           /home/alison/workspace/Arduino/AdkArduino/ArduinoCore/328P_16MHz/libArduinoCore.a(wiring_digital.o)
digital_pin_to_timer_PGM                          /home/alison/workspace/Arduino/AdkArduino/ArduinoCore/328P_16MHz/libArduinoCore.a(wiring_digital.o)
exit                                              /home/alison/.arduino/hardware/tools/avr/bin/../lib/gcc/avr/4.8.1/avr5/libgcc.a(_exit.o)
                                                  /home/alison/.arduino/hardware/tools/avr/bin/../lib/gcc/avr/4.8.1/../../../../avr/lib/avr5/crtm328p.o
init                                              /home/alison/workspace/Arduino/AdkArduino/ArduinoCore/328P_16MHz/libArduinoCore.a(wiring.o)
                                                  ./main.o
loop                                              ./main.o
main                                              ./main.o
                                                  /home/alison/.arduino/hardware/tools/avr/bin/../lib/gcc/avr/4.8.1/../../../../avr/lib/avr5/crtm328p.o
micros                                            /home/alison/workspace/Arduino/AdkArduino/ArduinoCore/328P_16MHz/libArduinoCore.a(wiring.o)
millis                                            /home/alison/workspace/Arduino/AdkArduino/ArduinoCore/328P_16MHz/libArduinoCore.a(wiring.o)
pinMode                                           /home/alison/workspace/Arduino/AdkArduino/ArduinoCore/328P_16MHz/libArduinoCore.a(wiring_digital.o)
                                                  ./main.o
port_to_input_PGM                                 /home/alison/workspace/Arduino/AdkArduino/ArduinoCore/328P_16MHz/libArduinoCore.a(wiring_digital.o)
port_to_mode_PGM                                  /home/alison/workspace/Arduino/AdkArduino/ArduinoCore/328P_16MHz/libArduinoCore.a(wiring_digital.o)
port_to_output_PGM                                /home/alison/workspace/Arduino/AdkArduino/ArduinoCore/328P_16MHz/libArduinoCore.a(wiring_digital.o)
setup                                             ./main.o
timer0_millis                                     /home/alison/workspace/Arduino/AdkArduino/ArduinoCore/328P_16MHz/libArduinoCore.a(wiring.o)
timer0_overflow_count                             /home/alison/workspace/Arduino/AdkArduino/ArduinoCore/328P_16MHz/libArduinoCore.a(wiring.o)
